src/app/app.component.spec.ts(20,16): error TS2339: Property 'title' does not exist on type 'AppComponent'.
src/app/core/supabase.service.ts(2,46): error TS2307: Cannot find module '@supabase/supabase-js' or its corresponding type declarations.
